  [34m▌ [1m[39mhello, what we are doing here[0;2m  ~/Projects/leticl[0m                                                                             [2m1/71 · deepseek/deepseek-flash · $0.5602 · 702.8k ctx · 100% cached · 104 tok/s · 5.5s · 572 out[0m
  [1mbackground jobs[0m

  [2m    none. The model backgrounds a command with bash's `background: true`; ctrl-o moves the running one.[0m

  [2m    a job still shows running until the daemon says it settled — between turns, that saying is the daemon's alone.[0m



















































  [2m╭─────────────────────────────────────────────────────────────────────────────────────────────────────────────────────────────────────────────────────────────────────────────────────────────────────────────────────────────╮[0m
  [2m│[0m [2m› [0m                                                                                                                                                                                                                          [2m│[0m
  [2m╰─────────────────────────────────────────────────────────────────────────────────────────────────────────────────────────────────────────────────────────────────────────────────────────────────────────────────────────────╯[0m
  [2menter send · ctrl+c exit · background jobs this session started · ↑↓ then enter reads one · esc closes[0m
