# sample  scroll-max  hist-generation  head-scroll   (head 3460161, 3Hz, 2026-10-03 00:2x)
1 27 4007 0
2 27 4007 0
3 27 4007 0
4 27 4007 0
5 27 4007 0
6 27 4007 0
7 27 4007 0
8 27 4007 0
9 27 4007 0
10 27 4007 0
11 27 4007 0
12 27 4007 0
13 27 4007 0
14 27 4007 0
15 27 4007 0
16 27 4007 0
17 27 4007 0
18 27 4007 0
19 27 4007 0
20 27 4007 0
21 27 4007 0
22 27 4007 0
23 27 4007 0
24 27 4007 0
25 27 4007 0
26 27 4007 0
27 27 4007 0
28 27 4007 0
29 27 4007 0
30 27 4007 0
31 27 4007 0
32 27 4007 0
33 27 4007 0
34 27 4007 0
35 27 4007 0
36 27 4007 0
37 27 4007 0
38 27 4007 0
39 27 4007 0
40 27 4007 0
41 27 4007 0
42 27 4007 0
43 19 4009 0
44 19 4009 0
45 19 4009 0
46 19 4009 0
47 19 4009 0
48 19 4009 0
49 21 4011 0
50 21 4013 0
51 21 4013 0
52 21 4015 0
53 21 4015 0
54 21 4015 0
55 21 4015 0
56 21 4019 0
57 21 4019 0
58 21 4019 0
59 21 4021 0
60 21 4021 0
61 21 4021 0
62 21 4021 0
63 21 4021 0
64 21 4021 0
65 21 4021 0
66 21 4021 0
67 21 4021 0
68 21 4021 0
69 21 4021 0
70 21 4021 0
71 21 4021 0
72 21 4021 0
73 21 4021 0
74 21 4021 0
75 21 4021 0
76 21 4021 0
77 21 4021 0
78 21 4021 0
79 21 4021 0
80 21 4021 0
81 21 4021 0
82 21 4021 0
83 21 4021 0
84 25 4022 0
85 27 4026 0
86 27 4026 0
87 27 4026 0
88 27 4026 0
89 27 4026 0
90 27 4026 0
91 27 4026 0
92 27 4026 0
93 27 4026 0
94 27 4026 0
95 27 4026 0
96 27 4026 0
97 27 4026 0
98 27 4026 0
99 27 4026 0
100 27 4026 0
101 27 4026 0
102 27 4026 0
103 27 4026 0
104 27 4026 0
105 27 4026 0
106 27 4026 0
107 27 4026 0
108 27 4026 0
109 27 4026 0
110 27 4026 0
111 27 4026 0
112 27 4026 0
113 27 4026 0
114 27 4026 0
115 27 4026 0
116 27 4026 0
117 27 4026 0
118 27 4026 0
119 27 4026 0
120 27 4026 0
121 27 4026 0
122 27 4026 0
123 27 4026 0
124 27 4026 0
125 27 4026 0
126 27 4026 0
127 27 4026 0
128 27 4026 0
129 27 4026 0
130 27 4026 0
131 27 4028 0
132 27 4028 0
133 27 4028 0
134 27 4028 0
135 27 4028 0
136 27 4028 0
137 29 4028 0
138 29 4032 0
139 29 4032 0
140 29 4034 0
141 29 4034 0
142 29 4034 0
143 29 4034 0
144 29 4038 0
145 29 4038 0
146 29 4040 0
147 29 4040 0
148 29 4040 0
149 29 4040 0
150 29 4040 0
151 29 4040 0
152 29 4040 0
153 29 4040 0
154 29 4040 0
155 34 4040 0
156 43 4040 0
157 48 4040 0
158 50 4040 0
159 58 4040 0
160 70 4040 0
161 40 4044 0
162 40 4044 0
163 40 4044 0
164 40 4044 0
165 40 4044 0
166 40 4044 0
167 40 4044 0
168 40 4044 0
169 40 4044 0
170 40 4044 0
171 40 4044 0
172 40 4044 0
173 40 4044 0
174 40 4044 0
175 40 4044 0
176 40 4044 0
177 40 4044 0
178 40 4044 0
179 40 4044 0
180 40 4044 0
181 40 4044 0
182 40 4044 0
183 40 4044 0
184 40 4044 0
185 40 4044 0
186 40 4044 0
187 40 4044 0
188 40 4044 0
189 40 4044 0
190 40 4044 0
191 40 4044 0
192 40 4044 0
193 40 4044 0
194 40 4044 0
195 40 4044 0
196 40 4044 0
197 40 4044 0
198 40 4044 0
199 40 4044 0
200 4605 4044 0
201 4605 4044 0
202 4605 4044 18
203 4604 4044 18
204 4604 4044 18
205 4604 4044 18
206 4604 4044 18
207 4604 4044 18
208 4604 4044 18
209 4604 4044 18
210 4604 4044 18
211 4604 4044 18
212 4604 4044 18
213 4604 4044 18
214 4604 4044 18
215 4604 4044 18
216 4604 4044 0
217 4604 4044 0
218 4604 4044 0
219 4604 4044 0
220 4604 4044 0
221 4604 4044 0
222 4604 4044 0
223 4604 4044 0
224 4604 4044 0
225 4604 4044 0
226 4604 4044 0
227 4604 4044 0
228 4604 4044 0
229 4604 4044 0
230 4604 4044 0
231 4604 4044 0
232 4604 4044 0
233 4604 4044 0
234 4604 4044 0
235 4604 4044 0
236 4604 4044 0
237 4604 4044 0
238 4604 4044 0
239 4604 4044 0
240 4604 4044 0
